  AABB.cpp
  Application.cpp
C:\Users\Korisnik\OneDrive\Radna površina\Dardaneli\Dardaneli\Application.cpp(153,16): warning C4244: 'initializing': conversion from 'double' to 'float', possible loss of data
C:\Users\Korisnik\OneDrive\Radna površina\Dardaneli\Dardaneli\Application.cpp(154,16): warning C4244: 'initializing': conversion from 'double' to 'float', possible loss of data
C:\Users\Korisnik\OneDrive\Radna površina\Dardaneli\Dardaneli\Application.cpp(273,16): warning C4244: 'initializing': conversion from 'double' to 'float', possible loss of data
C:\Users\Korisnik\OneDrive\Radna površina\Dardaneli\Dardaneli\Application.cpp(274,16): warning C4244: 'initializing': conversion from 'double' to 'float', possible loss of data
  BVHNode.cpp
  Camera.cpp
C:\Users\Korisnik\OneDrive\Radna površina\Dardaneli\Dardaneli\Camera.cpp(56,24): warning C4101: 'mouseZ': unreferenced local variable
C:\Users\Korisnik\OneDrive\Radna površina\Dardaneli\Dardaneli\Camera.cpp(153,17): warning C4244: 'initializing': conversion from 'double' to 'float', possible loss of data
C:\Users\Korisnik\OneDrive\Radna površina\Dardaneli\Dardaneli\Camera.cpp(154,17): warning C4244: 'initializing': conversion from 'double' to 'float', possible loss of data
  DrawableAABB.cpp
C:\Users\Korisnik\OneDrive\Radna površina\Dardaneli\Dardaneli\DrawableAABB.cpp(107,39): warning C4267: 'argument': conversion from 'size_t' to 'GLsizei', possible loss of data
  EditModeBVH.cpp
  Main.cpp
  Mesh.cpp
C:\Users\Korisnik\OneDrive\Radna površina\Dardaneli\Dardaneli\Mesh.cpp(42,39): warning C4267: 'argument': conversion from 'size_t' to '_Ty', possible loss of data
C:\Users\Korisnik\OneDrive\Radna površina\Dardaneli\Dardaneli\Mesh.cpp(42,39): warning C4267:         with
C:\Users\Korisnik\OneDrive\Radna površina\Dardaneli\Dardaneli\Mesh.cpp(42,39): warning C4267:         [
C:\Users\Korisnik\OneDrive\Radna površina\Dardaneli\Dardaneli\Mesh.cpp(42,39): warning C4267:             _Ty=GLuint
C:\Users\Korisnik\OneDrive\Radna površina\Dardaneli\Dardaneli\Mesh.cpp(42,39): warning C4267:         ]
C:\Users\Korisnik\OneDrive\Radna površina\Dardaneli\Dardaneli\Mesh.cpp(48,25): warning C4267: 'return': conversion from 'size_t' to 'GLuint', possible loss of data
C:\Users\Korisnik\OneDrive\Radna površina\Dardaneli\Dardaneli\Mesh.cpp(85,36): warning C4267: 'argument': conversion from 'size_t' to 'GLsizei', possible loss of data
C:\Users\Korisnik\OneDrive\Radna površina\Dardaneli\Dardaneli\Mesh.cpp(90,40): warning C4267: 'argument': conversion from 'size_t' to 'GLsizei', possible loss of data
C:\Users\Korisnik\OneDrive\Radna površina\Dardaneli\Dardaneli\Mesh.cpp(96,37): warning C4267: 'argument': conversion from 'size_t' to 'GLsizei', possible loss of data
  MyGUI.cpp
C:\Users\Korisnik\OneDrive\Radna površina\Dardaneli\Dardaneli\MyGUI.cpp(129,25): warning C4244: '=': conversion from 'double' to 'float', possible loss of data
C:\Users\Korisnik\OneDrive\Radna površina\Dardaneli\Dardaneli\MyGUI.cpp(271,107): warning C4018: '<': signed/unsigned mismatch
C:\Users\Korisnik\OneDrive\Radna površina\Dardaneli\Dardaneli\MyGUI.cpp(356,42): warning C4553: '==': result of expression not used; did you intend '='?
C:\Users\Korisnik\OneDrive\Radna površina\Dardaneli\Dardaneli\MyGUI.cpp(357,42): warning C4553: '==': result of expression not used; did you intend '='?
C:\Users\Korisnik\OneDrive\Radna površina\Dardaneli\Dardaneli\MyGUI.cpp(358,42): warning C4553: '==': result of expression not used; did you intend '='?
C:\Users\Korisnik\OneDrive\Radna površina\Dardaneli\Dardaneli\MyGUI.cpp(485,51): warning C4018: '<': signed/unsigned mismatch
C:\Users\Korisnik\OneDrive\Radna površina\Dardaneli\Dardaneli\MyGUI.cpp(594,43): warning C4267: 'argument': conversion from 'size_t' to 'GLsizei', possible loss of data
  Object.cpp
C:\Users\Korisnik\OneDrive\Radna površina\Dardaneli\Dardaneli\Object.cpp(20,56): warning C4267: 'return': conversion from 'size_t' to 'int', possible loss of data
  ObjectModeBVH.cpp
  Renderer.cpp
C:\Users\Korisnik\OneDrive\Radna površina\Dardaneli\Dardaneli\Renderer.cpp(34,23): warning C4018: '<': signed/unsigned mismatch
  Scene.cpp
  Window.cpp
  WindowManager.cpp
  Generating Code...
glfw3.lib(window.obj) : warning LNK4099: PDB '' was not found with 'glfw3.lib(window.obj)' or at ''; linking object as if no debug info
glfw3.lib(input.obj) : warning LNK4099: PDB '' was not found with 'glfw3.lib(input.obj)' or at ''; linking object as if no debug info
glfw3.lib(init.obj) : warning LNK4099: PDB '' was not found with 'glfw3.lib(init.obj)' or at ''; linking object as if no debug info
glfw3.lib(monitor.obj) : warning LNK4099: PDB '' was not found with 'glfw3.lib(monitor.obj)' or at ''; linking object as if no debug info
glfw3.lib(win32_window.obj) : warning LNK4099: PDB '' was not found with 'glfw3.lib(win32_window.obj)' or at ''; linking object as if no debug info
glfw3.lib(context.obj) : warning LNK4099: PDB '' was not found with 'glfw3.lib(context.obj)' or at ''; linking object as if no debug info
glfw3.lib(win32_thread.obj) : warning LNK4099: PDB '' was not found with 'glfw3.lib(win32_thread.obj)' or at ''; linking object as if no debug info
glfw3.lib(win32_time.obj) : warning LNK4099: PDB '' was not found with 'glfw3.lib(win32_time.obj)' or at ''; linking object as if no debug info
glfw3.lib(platform.obj) : warning LNK4099: PDB '' was not found with 'glfw3.lib(platform.obj)' or at ''; linking object as if no debug info
glfw3.lib(vulkan.obj) : warning LNK4099: PDB '' was not found with 'glfw3.lib(vulkan.obj)' or at ''; linking object as if no debug info
glfw3.lib(win32_init.obj) : warning LNK4099: PDB '' was not found with 'glfw3.lib(win32_init.obj)' or at ''; linking object as if no debug info
glfw3.lib(win32_monitor.obj) : warning LNK4099: PDB '' was not found with 'glfw3.lib(win32_monitor.obj)' or at ''; linking object as if no debug info
glfw3.lib(wgl_context.obj) : warning LNK4099: PDB '' was not found with 'glfw3.lib(wgl_context.obj)' or at ''; linking object as if no debug info
glfw3.lib(egl_context.obj) : warning LNK4099: PDB '' was not found with 'glfw3.lib(egl_context.obj)' or at ''; linking object as if no debug info
glfw3.lib(osmesa_context.obj) : warning LNK4099: PDB '' was not found with 'glfw3.lib(osmesa_context.obj)' or at ''; linking object as if no debug info
glfw3.lib(null_init.obj) : warning LNK4099: PDB '' was not found with 'glfw3.lib(null_init.obj)' or at ''; linking object as if no debug info
glfw3.lib(win32_module.obj) : warning LNK4099: PDB '' was not found with 'glfw3.lib(win32_module.obj)' or at ''; linking object as if no debug info
glfw3.lib(win32_joystick.obj) : warning LNK4099: PDB '' was not found with 'glfw3.lib(win32_joystick.obj)' or at ''; linking object as if no debug info
glfw3.lib(null_monitor.obj) : warning LNK4099: PDB '' was not found with 'glfw3.lib(null_monitor.obj)' or at ''; linking object as if no debug info
glfw3.lib(null_window.obj) : warning LNK4099: PDB '' was not found with 'glfw3.lib(null_window.obj)' or at ''; linking object as if no debug info
glfw3.lib(null_joystick.obj) : warning LNK4099: PDB '' was not found with 'glfw3.lib(null_joystick.obj)' or at ''; linking object as if no debug info
  Dardaneli.vcxproj -> C:\Users\Korisnik\OneDrive\Radna površina\Dardaneli\Dardaneli\x64\Debug\Dardaneli.exe
